// Jest Snapshot v1, https://goo.gl/fbAQLP

exports[`The Library component should match snapshot 1`] = `
<div>
  <div
    class="sc-bdvvtL cydklE"
  >
    <header
      class="sc-gsDKAQ"
    >
      <h1>
        Library
      </h1>
    </header>
    <div
      class="sc-dkPtRN hpEdkZ"
    />
  </div>
</div>
`;
